Microchip MPLAB XC8 Compiler V3.00

Linker command line:

-W-3 \
  --edf=D:\C extend\programe Setup\Microchip\xc8\v3.00\pic\dat\20241204225717_en.msgs \
  -cn -h+dist/default/production\sw.production.sym \
  --cmf=dist/default/production\sw.production.cmf -z -Q18F4620 \
  -oC:\Users\pc\AppData\Local\Temp\xcAsie0.\driver_tmp_3.o \
  --defsym=__MPLAB_BUILD=1 --fixupoverflow=error \
  -Mdist/default/production/sw.production.map \
  --md=C:\Users\pc\AppData\Local\Temp\xcAsie0.\driver_tmp_0.dat -E1 \
  -ver=XC8 Compiler -ACODE=00h-0FFFFh -ACONST=00h-0FFFFh \
  -ASMALLCONST=01000h-010FFhx240 -AMEDIUMCONST=01000h-0FFFFh \
  -ACOMRAM=01h-07Fh -AABS1=00h-0F7Fh -ABIGRAM=01h-0F7Fh \
  -ARAM=080h-0FFh,0100h-01FFhx14,0F00h-0F7Fh -ABANK0=080h-0FFh \
  -ABANK1=0100h-01FFh -ABANK2=0200h-02FFh -ABANK3=0300h-03FFh \
  -ABANK4=0400h-04FFh -ABANK5=0500h-05FFh -ABANK6=0600h-06FFh \
  -ABANK7=0700h-07FFh -ABANK8=0800h-08FFh -ABANK9=0900h-09FFh \
  -ABANK10=0A00h-0AFFh -ABANK11=0B00h-0BFFh -ABANK12=0C00h-0CFFh \
  -ABANK13=0D00h-0DFFh -ABANK14=0E00h-0EFFh -ABANK15=0F00h-0F7Fh \
  -ASFR=0F80h-0FFFh -ABIGSFR=0F80h-0FFFh -ACONFIG=0300000h-030000Dh \
  -AIDLOC=0200000h-0200007h -AEEDATA=0F00000h-0F003FFh -peeprom_data=EEDATA \
  -preset_vec=00h,intcode=8h,intcodelo=18h,sivt_lo,sivt_hi=CODE \
  -ppowerup=CODE,init -pramtop=01000h -psmallconst=SMALLCONST \
  -pmediumconst=MEDIUMCONST -pconst=CONST -AFARRAM=00h-00h \
  -prdata=COMRAM,nvrram=COMRAM,nvbit=COMRAM,rbss=COMRAM,rbit=COMRAM \
  -pfarbss=FARRAM,fardata=FARRAM,nvFARRAM=FARRAM \
  -pintsave_regs=BIGRAM,bigbss=BIGRAM,bigdata=BIGRAM -pbss=RAM \
  -pidata=CODE,irdata=CODE,ibigdata=CODE,ifardata=CODE -prparam=COMRAM \
  C:\Users\pc\AppData\Local\Temp\xcAsie0.\driver_tmp_9.o \
  dist/default/production\sw.production.o 

Object code version is 3.11

Machine type is 18F4620



                Name                               Link     Load   Length Selector   Space Scale
C:\Users\pc\AppData\Local\Temp\xcAsie0.\driver_tmp_9.o
                idloc                            200000   200000        8        0       5
                config                           300000   300000        E        0       4
                init                                  E        E        4        4       0
                reset_vec                             0        0        4        0       0
dist/default/production\sw.production.o
                intcode                               8        8        6        4       0
                idloc                            200000   200000        8        0       5
                config                           300000   300000        E        0       4
                temp                                 7F       7F        1        1       1
                smallconst                         1000     1000        6      800       0
                text58                             388C     388C       48      803       0
                text57                             3CA8     3CA8        C     1E31       0
                text56                             1974     1974      426      803       0
                text55                             14BE     14BE      4B6      803       0
                text54                             38D4     38D4       46      803       0
                text53                             3CBE     3CBE        A     1E31       0
                text52                             212C     212C      390      803       0
                text51                             316E     316E      106      803       0
                text50                             2C10     2C10      1B4      803       0
                text49                             2DC4     2DC4      170      803       0
                text48                             3BCE     3BCE       24      803       0
                text47                             3C9C     3C9C        C     1E31       0
                text46                             3CEC     3CEC        4     1E31       0
                text45                             3CE8     3CE8        4     1E31       0
                text44                             3CE4     3CE4        4     1E31       0
                text43                             3CE0     3CE0        4     1E31       0
                text42                             3CDC     3CDC        4     1E31       0
                text41                             3CD8     3CD8        4     1E31       0
                text40                             3CD4     3CD4        4     1E31       0
                text39                             383E     383E       4E      803       0
                text38                             3B26     3B26       32      803       0
                text37                             3C90     3C90        C     1E31       0
                text36                             3BF2     3BF2       18      803       0
                text35                             3BAA     3BAA       24      803       0
                text34                             3C84     3C84        C     1E31       0
                text33                             3B86     3B86       24      803       0
                text32                             3AC0     3AC0       34      803       0
                text31                             3B58     3B58       2E      803       0
                intcode_body                       24BC     24BC      2FC      803       0
                text29                             2F34     2F34      132      803       0
                text28                             3274     3274      104      803       0
                text27                             3432     3432       8E      803       0
                text26                             3C36     3C36       16      803       0
                text25                             37EA     37EA       54      803       0
                text24                             1006     1006      4B8      803       0
                text23                             1D9A     1D9A      392      803       0
                text22                             2A58     2A58      1B8      803       0
                text21                             27B8     27B8      2A0      803       0
                text20                             3066     3066      108      803       0
                text19                             3378     3378       BA      803       0
                text18                             3AF4     3AF4       32      803       0
                text17                             3A8A     3A8A       36      803       0
                text16                             3CCE     3CCE        6     1E31       0
                text15                             3CC8     3CC8        6     1E31       0
                text14                             391A     391A       44      803       0
                text13                             3C20     3C20       16      803       0
                text12                             363E     363E       74      803       0
                text11                             3A54     3A54       36      803       0
                text10                             3C0A     3C0A       16      803       0
                text9                              35CA     35CA       74      803       0
                text8                              39A0     39A0       42      803       0
                text7                              34C0     34C0       88      803       0
                text6                              3C62     3C62       12     1E31       0
                text5                              3C74     3C74       10     1E31       0
                text4                              395E     395E       42      803       0
                text3                              3A1C     3A1C       38      803       0
                text2                              3720     3720       6E      803       0
                text1                              36B2     36B2       6E      803       0
                text0                              378E     378E       5C      803       0
                cstackCOMRAM                          1        1       5A        1       1
                cstackBANK0                          80       80       45       80       1
                cstackBANK1                         13A      13A        4      100       1
                dataBANK1                           100      100       3A      100       1
                dataBANK0                            EB       EB       15       80       1
                bssBANK0                             C5       C5       26       80       1
                dataCOMRAM                           75       75        A        1       1
                bssCOMRAM                            5B       5B       1A        1       1
                cinit                              3548     3548       82      803       0
                idataBANK1                         39E2     39E2       3A      803       0
                idataBANK0                         3C4C     3C4C       15      803       0
                idataCOMRAM                        3CB4     3CB4        A     1E31       0

TOTAL           Name                               Link     Load   Length     Space
        CLASS   CODE           
                intcode                               8        8        6         0
                init                                  E        E        4         0
                reset_vec                             0        0        4         0
                text58                             388C     388C       48         0
                text57                             3CA8     3CA8        C         0
                text56                             1974     1974      426         0
                text55                             14BE     14BE      4B6         0
                text54                             38D4     38D4       46         0
                text53                             3CBE     3CBE        A         0
                text52                             212C     212C      390         0
                text51                             316E     316E      106         0
                text50                             2C10     2C10      1B4         0
                text49                             2DC4     2DC4      170         0
                text48                             3BCE     3BCE       24         0
                text47                             3C9C     3C9C        C         0
                text46                             3CEC     3CEC        4         0
                text45                             3CE8     3CE8        4         0
                text44                             3CE4     3CE4        4         0
                text43                             3CE0     3CE0        4         0
                text42                             3CDC     3CDC        4         0
                text41                             3CD8     3CD8        4         0
                text40                             3CD4     3CD4        4         0
                text39                             383E     383E       4E         0
                text38                             3B26     3B26       32         0
                text37                             3C90     3C90        C         0
                text36                             3BF2     3BF2       18         0
                text35                             3BAA     3BAA       24         0
                text34                             3C84     3C84        C         0
                text33                             3B86     3B86       24         0
                text32                             3AC0     3AC0       34         0
                text31                             3B58     3B58       2E         0
                intcode_body                       24BC     24BC      2FC         0
                text29                             2F34     2F34      132         0
                text28                             3274     3274      104         0
                text27                             3432     3432       8E         0
                text26                             3C36     3C36       16         0
                text25                             37EA     37EA       54         0
                text24                             1006     1006      4B8         0
                text23                             1D9A     1D9A      392         0
                text22                             2A58     2A58      1B8         0
                text21                             27B8     27B8      2A0         0
                text20                             3066     3066      108         0
                text19                             3378     3378       BA         0
                text18                             3AF4     3AF4       32         0
                text17                             3A8A     3A8A       36         0
                text16                             3CCE     3CCE        6         0
                text15                             3CC8     3CC8        6         0
                text14                             391A     391A       44         0
                text13                             3C20     3C20       16         0
                text12                             363E     363E       74         0
                text11                             3A54     3A54       36         0
                text10                             3C0A     3C0A       16         0
                text9                              35CA     35CA       74         0
                text8                              39A0     39A0       42         0
                text7                              34C0     34C0       88         0
                text6                              3C62     3C62       12         0
                text5                              3C74     3C74       10         0
                text4                              395E     395E       42         0
                text3                              3A1C     3A1C       38         0
                text2                              3720     3720       6E         0
                text1                              36B2     36B2       6E         0
                text0                              378E     378E       5C         0
                cinit                              3548     3548       82         0
                idataBANK1                         39E2     39E2       3A         0
                idataBANK0                         3C4C     3C4C       15         0
                idataCOMRAM                        3CB4     3CB4        A         0

        CLASS   CONST          

        CLASS   SMALLCONST     
                smallconst                         1000     1000        6         0

        CLASS   MEDIUMCONST    

        CLASS   COMRAM         
                temp                                 7F       7F        1         1
                cstackCOMRAM                          1        1       5A         1
                dataCOMRAM                           75       75        A         1
                bssCOMRAM                            5B       5B       1A         1

        CLASS   ABS1           

        CLASS   BIGRAM         

        CLASS   RAM            

        CLASS   BANK0          
                cstackBANK0                          80       80       45         1
                dataBANK0                            EB       EB       15         1
                bssBANK0                             C5       C5       26         1

        CLASS   BANK1          
                cstackBANK1                         13A      13A        4         1
                dataBANK1                           100      100       3A         1

        CLASS   BANK2          

        CLASS   BANK3          

        CLASS   BANK4          

        CLASS   BANK5          

        CLASS   BANK6          

        CLASS   BANK7          

        CLASS   BANK8          

        CLASS   BANK9          

        CLASS   BANK10         

        CLASS   BANK11         

        CLASS   BANK12         

        CLASS   BANK13         

        CLASS   BANK14         

        CLASS   BANK15         

        CLASS   SFR            

        CLASS   BIGSFR         

        CLASS   CONFIG         
                config                           300000   300000        E         4

        CLASS   IDLOC          
                idloc                            200000   200000        8         5

        CLASS   EEDATA         

        CLASS   FARRAM         

        CLASS   HEAP           

        CLASS   STACK          



SEGMENTS        Name                           Load    Length   Top    Selector   Space  Class

                reset_vec                      000000  000004  000004         0       0  CODE    
                cstackCOMRAM                   000001  00007F  000080         1       1  COMRAM  
                intcode                        000008  00000A  000012         4       0  CODE    
                cstackBANK0                    000080  000080  000100        80       1  BANK0   
                dataBANK1                      000100  00003E  00013E       100       1  BANK1   
                smallconst                     001000  000006  001006       800       0  SMALLCON
                text24                         001006  002C5B  003C61       803       0  CODE    
                text6                          003C62  00008E  003CF0      1E31       0  CODE    


UNUSED ADDRESS RANGES

        Name                Unused          Largest block    Delta
        BANK1            00013E-0001FF               C2
        BANK10           000A00-000AFF              100
        BANK11           000B00-000BFF              100
        BANK12           000C00-000CFF              100
        BANK13           000D00-000DFF              100
        BANK14           000E00-000EFF              100
        BANK15           000F00-000F7F               80
        BANK2            000200-0002FF              100
        BANK3            000300-0003FF              100
        BANK4            000400-0004FF              100
        BANK5            000500-0005FF              100
        BANK6            000600-0006FF              100
        BANK7            000700-0007FF              100
        BANK8            000800-0008FF              100
        BANK9            000900-0009FF              100
        BIGRAM           00013E-000F7F              E42
        BIGSFR           000F80-000FFF               80
        CODE             000004-000007                4
                         000012-000FFF              FEE
                         003C61-003C61                1
                         003CF0-00FFFF             C310
        CONST            000004-000007                4
                         000012-000FFF              FEE
                         003C61-003C61                1
                         003CF0-00FFFF             C310
        EEDATA           F00000-F003FF              400
        MEDIUMCONST      003C61-003C61                1
                         003CF0-00FFFF             C310
        RAM              00013E-000F7F              100
        SFR              000F80-000FFF               80
        SMALLCONST       003C61-003C61                1
                         003CF0-00FFFF              100

                                  Symbol Table

?___fladd                                cstackBANK0  0000A7
?___fldiv                                cstackBANK0  00008E
?___flmul                                cstackCOMRAM 000030
?___flsub                                cstackCOMRAM 000028
?___fltol                                cstackBANK0  000080
?___xxtofl                               cstackBANK0  000080
?i2___fladd                              cstackCOMRAM 000001
?i2___fldiv                              cstackCOMRAM 00000F
?i2___fltol                              cstackCOMRAM 000049
?i2___xxtofl                             cstackCOMRAM 000001
BR_Value_Calauclate@ValueStored          cstackBANK0  0000B9
BR_Value_Calauclate@eusart               cstackBANK0  0000B7
BaudRate_Speed@eusart                    cstackBANK0  000080
BaudRate_Value@ValueStored               cstackBANK0  0000C1
BaudRate_Value@eusart                    cstackBANK0  0000BF
EUSART_BaudRate_CFG@eusart               cstackBANK1  00013A
EUSART_RX_CFG@RX_priotity                cstackBANK0  00008A
EUSART_RX_CFG@eusart                     cstackBANK0  000086
EUSART_TX_CFG@TX_priotity                cstackBANK0  00008A
EUSART_TX_CFG@eusart                     cstackBANK0  000086
ErrorsCallBack@eusart                    cstackBANK0  000080
Module_INTERRUPT_ClEAR_FLAG@Reg          cstackCOMRAM 000007
Module_INTERRUPT_ClEAR_FLAG@bit_pos      cstackCOMRAM 000001
Module_INTERRUPT_ENABLE@Reg              cstackBANK0  000085
Module_INTERRUPT_ENABLE@bit_pos          cstackBANK0  000080
RX_Frame@eusart                          cstackBANK0  000080
TX_Frame@eusart                          cstackBANK0  000080
_ADCON0bits                              (abs)        000FC2
_ADCON1bits                              (abs)        000FC1
_ADCON2bits                              (abs)        000FC0
_ADC_ISR                                 text57       003CA8
_ADC_InterruptHandler                    bssBANK0     0000E7
_ADRESH                                  (abs)        000FC4
_ADRESL                                  (abs)        000FC3
_BAUDCONbits                             (abs)        000FB8
_BR_Value_Calauclate                     text21       0027B8
_BR_Value_Calauclate$4420                cstackBANK0  0000BB
_BaudRate_Speed                          text25       0037EA
_BaudRate_Value                          text19       003378
_CCP1CONbits                             (abs)        000FBD
_CCP1_INTERRUPT_HANDLER_CallBack         bssCOMRAM    000063
_CCP1_ISR                                text48       003BCE
_CCPR1H                                  (abs)        000FBF
_CCPR1L                                  (abs)        000FBE
_EEADR                                   (abs)        000FA9
_EEADRH                                  (abs)        000FAA
_EECON1bits                              (abs)        000FA6
_EECON2                                  (abs)        000FA7
_EEDATA                                  (abs)        000FA8
_EEPROM_ISR                              text47       003C9C
_EEPROM_InterruptHandler                 bssBANK0     0000D7
_EUSART_BaudRate_CFG                     text18       003AF4
_EUSART_RX_CFG                           text12       00363E
_EUSART_TX_CFG                           text9        0035CA
_E_Reg                                   dataBANK0    0000F5
_ErrorsCallBack                          text8        0039A0
_FERR_CallbackFunction                   bssBANK0     0000C9
_F_Reg                                   dataBANK1    000124
_GLOBAL_INTERUPT_DISABLE                 text16       003CCE
_GLOBAL_INTERUPT_ENABLE                  text15       003CC8
_IN0_ISR                                 text46       003CEC
_IN0_InterruotHandler                    bssBANK0     0000E5
_INTCON                                  (abs)        000FF2
_INTCON2bits                             (abs)        000FF1
_INTCONbits                              (abs)        000FF2
_IPR1                                    (abs)        000F9F
_IPR2                                    (abs)        000FA2
_InterruptManaerHigh                     intcode      000008
_LATA                                    (abs)        000F89
_LATB                                    (abs)        000F8A
_LATC                                    (abs)        000F8B
_LATD                                    (abs)        000F8C
_LATE                                    (abs)        000F8D
_Module_INTERRUPT_ClEAR_FLAG             text58       00388C
_Module_INTERRUPT_ENABLE                 text14       00391A
_OERR_CallbackFunction                   bssBANK0     0000C7
_PIE1                                    (abs)        000F9D
_PIE1bits                                (abs)        000F9D
_PIE2                                    (abs)        000FA0
_PIE2bits                                (abs)        000FA0
_PIR1                                    (abs)        000F9E
_PIR1bits                                (abs)        000F9E
_PIR2                                    (abs)        000FA1
_PIR2bits                                (abs)        000FA1
_PORTA                                   (abs)        000F80
_PORTB                                   (abs)        000F81
_PORTBbits                               (abs)        000F81
_PORTC                                   (abs)        000F82
_PORTD                                   (abs)        000F83
_PORTE                                   (abs)        000F84
_PR2                                     (abs)        000FCB
_P_Reg                                   dataBANK0    0000FB
_PreLoaded_Value                         bssCOMRAM    000061
_PreloadedValue                          bssCOMRAM    000069
_Preloaded_Value                         bssCOMRAM    00005D
_Preloaded_Value@hal_timer1$F2273        bssCOMRAM    00005F
_RB4_F_ISR                               text45       003CE8
_RB4_InterruotHandlerFalling             bssBANK0     0000E1
_RB4_InterruotHandlerRissing             bssBANK0     0000E3
_RB4_R_ISR                               text44       003CE4
_RB5_F_ISR                               text43       003CE0
_RB5_InterruotHandlerFalling             bssBANK0     0000DD
_RB5_InterruotHandlerRissing             bssBANK0     0000DF
_RB5_R_ISR                               text42       003CDC
_RB6_F_ISR                               text41       003CD8
_RB6_InterruotHandlerFalling             bssBANK0     0000D9
_RB6_InterruotHandlerRissing             bssBANK0     0000DB
_RB6_R_ISR                               text40       003CD4
_RBflags                                 dataCOMRAM   000075
_RCREG                                   (abs)        000FAE
_RCSTA1bits                              (abs)        000FAB
_RW_Mode                                 bssCOMRAM    00006A
_RW_State                                bssCOMRAM    000068
_RX_9th_BitFramming                      bssCOMRAM    000065
_RX_CallbackFunction                     bssBANK0     0000CB
_RX_Frame                                text17       003A8A
_RX_IN_init                              text13       003C20
_RX_ISR                                  text38       003B26
_RX_VALUE_ASSIGN                         text39       00383E
_RX_VALUE_ASSIGN$3422                    cstackCOMRAM 000003
_RX_value                                bssCOMRAM    000067
_SPBRG                                   (abs)        000FAF
_SPBRGH                                  (abs)        000FB0
_T0CONbits                               (abs)        000FD5
_T1CONbits                               (abs)        000FCD
_T1RUN                                   (abs)        007E6E
_T2CONbits                               (abs)        000FCA
_T3CONbits                               (abs)        000FB1
_TIMER0_ISR                              text36       003BF2
_TIMER1_ISR                              text35       003BAA
_TIMER2_ISR                              text34       003C84
_TIMER3_ISR                              text33       003B86
_TMR0H                                   (abs)        000FD7
_TMR0L                                   (abs)        000FD6
_TMR1H                                   (abs)        000FCF
_TMR1L                                   (abs)        000FCE
_TMR2                                    (abs)        000FCC
_TMR3H                                   (abs)        000FB3
_TMR3L                                   (abs)        000FB2
_TRISA                                   (abs)        000F92
_TRISB                                   (abs)        000F93
_TRISC                                   (abs)        000F94
_TRISCbits                               (abs)        000F94
_TRISD                                   (abs)        000F95
_TRISE                                   (abs)        000F96
_TXREG                                   (abs)        000FAD
_TXSTAbits                               (abs)        000FAC
_TX_9th_BitFramming                      bssCOMRAM    000066
_TX_CallbackFunction                     bssBANK0     0000CD
_TX_Frame                                text11       003A54
_TX_IN_init                              text10       003C0A
_TX_ISR                                  text31       003B58
_TX_VALUE_ASSIGN                         text32       003AC0
_TX_value                                bssCOMRAM    00005B
_Timer1_Interrupt_Handler_call           bssBANK0     0000D3
_Timer2_IN_Handler_Call                  bssBANK0     0000D1
_Timer3_IN_Handler_Call                  bssBANK0     0000CF
__HRAM                                   (abs)        000000
__H__absolute__                          __absolute__ 000000
__Habs1                                  abs1         000000
__Hbank0                                 bank0        000000
__Hbank1                                 bank1        000000
__Hbank10                                bank10       000000
__Hbank11                                bank11       000000
__Hbank12                                bank12       000000
__Hbank13                                bank13       000000
__Hbank14                                bank14       000000
__Hbank15                                bank15       000000
__Hbank2                                 bank2        000000
__Hbank3                                 bank3        000000
__Hbank4                                 bank4        000000
__Hbank5                                 bank5        000000
__Hbank6                                 bank6        000000
__Hbank7                                 bank7        000000
__Hbank8                                 bank8        000000
__Hbank9                                 bank9        000000
__Hbigbss                                bigbss       000000
__Hbigdata                               bigdata      000000
__Hbigram                                bigram       000000
__Hbigsfr                                bigsfr       000000
__Hbss                                   bss          000000
__HbssBANK0                              bssBANK0     000000
__HbssCOMRAM                             bssCOMRAM    000000
__Hcinit                                 cinit        000000
__Hclrtext                               clrtext      000000
__Hcomram                                comram       000000
__Hconfig                                config       30000E
__Hconst                                 const        000000
__HcstackBANK0                           cstackBANK0  000000
__HcstackBANK1                           cstackBANK1  000000
__HcstackCOMRAM                          cstackCOMRAM 000000
__Hdata                                  data         000000
__HdataBANK0                             dataBANK0    000000
__HdataBANK1                             dataBANK1    000000
__HdataCOMRAM                            dataCOMRAM   000000
__Heeprom_data                           eeprom_data  000000
__Hfarbss                                farbss       000000
__Hfardata                               fardata      000000
__Hheap                                  heap         000000
__Hibigdata                              ibigdata     000000
__Hidata                                 idata        000000
__HidataBANK0                            idataBANK0   000000
__HidataBANK1                            idataBANK1   000000
__HidataCOMRAM                           idataCOMRAM  000000
__Hidloc                                 idloc        200008
__Hifardata                              ifardata     000000
__Hinit                                  init         000012
__Hintcode                               intcode      00000E
__Hintcode_body                          intcode_body 000000
__Hintcodelo                             intcodelo    000018
__Hintentry                              intentry     000000
__Hintret                                intret       000000
__Hintsave_regs                          intsave_regs 000000
__Hirdata                                irdata       000000
__Hmediumconst                           mediumconst  000000
__HnvFARRAM                              nvFARRAM     000000
__Hnvbit                                 nvbit        000000
__Hnvrram                                nvrram       000000
__Hparam                                 rparam       000000
__Hpowerup                               powerup      000000
__Hram                                   ram          000000
__Hramtop                                ramtop       001000
__Hrbit                                  rbit         000000
__Hrbss                                  rbss         000000
__Hrdata                                 rdata        000000
__Hreset_vec                             reset_vec    000004
__Hrparam                                rparam       000000
__Hsfr                                   sfr          000000
__Hsivt_hi                               sivt_hi      000000
__Hsivt_lo                               sivt_lo      000018
__Hsmallconst                            smallconst   001006
__Hspace_0                               (abs)        003CF0
__Hspace_1                               (abs)        00013E
__Hspace_2                               (abs)        000000
__Hspace_4                               (abs)        60000E
__Hstack                                 stack        000000
__Hstruct                                struct       000000
__Htemp                                  temp         000080
__Htext                                  text         000000
__Htext0                                 text0        000000
__Htext1                                 text1        000000
__Htext10                                text10       000000
__Htext11                                text11       000000
__Htext12                                text12       000000
__Htext13                                text13       000000
__Htext14                                text14       000000
__Htext15                                text15       000000
__Htext16                                text16       000000
__Htext17                                text17       000000
__Htext18                                text18       000000
__Htext19                                text19       000000
__Htext2                                 text2        000000
__Htext20                                text20       000000
__Htext21                                text21       000000
__Htext22                                text22       000000
__Htext23                                text23       000000
__Htext24                                text24       000000
__Htext25                                text25       000000
__Htext26                                text26       000000
__Htext27                                text27       000000
__Htext28                                text28       000000
__Htext29                                text29       000000
__Htext3                                 text3        000000
__Htext31                                text31       000000
__Htext32                                text32       000000
__Htext33                                text33       000000
__Htext34                                text34       000000
__Htext35                                text35       000000
__Htext36                                text36       000000
__Htext37                                text37       000000
__Htext38                                text38       000000
__Htext39                                text39       000000
__Htext4                                 text4        000000
__Htext40                                text40       000000
__Htext41                                text41       000000
__Htext42                                text42       000000
__Htext43                                text43       000000
__Htext44                                text44       000000
__Htext45                                text45       000000
__Htext46                                text46       000000
__Htext47                                text47       000000
__Htext48                                text48       000000
__Htext49                                text49       000000
__Htext5                                 text5        000000
__Htext50                                text50       000000
__Htext51                                text51       000000
__Htext52                                text52       000000
__Htext53                                text53       000000
__Htext54                                text54       000000
__Htext55                                text55       000000
__Htext56                                text56       000000
__Htext57                                text57       000000
__Htext58                                text58       000000
__Htext6                                 text6        000000
__Htext7                                 text7        000000
__Htext8                                 text8        000000
__Htext9                                 text9        000000
__LRAM                                   (abs)        000001
__L__absolute__                          __absolute__ 000000
__Labs1                                  abs1         000000
__Lbank0                                 bank0        000000
__Lbank1                                 bank1        000000
__Lbank10                                bank10       000000
__Lbank11                                bank11       000000
__Lbank12                                bank12       000000
__Lbank13                                bank13       000000
__Lbank14                                bank14       000000
__Lbank15                                bank15       000000
__Lbank2                                 bank2        000000
__Lbank3                                 bank3        000000
__Lbank4                                 bank4        000000
__Lbank5                                 bank5        000000
__Lbank6                                 bank6        000000
__Lbank7                                 bank7        000000
__Lbank8                                 bank8        000000
__Lbank9                                 bank9        000000
__Lbigbss                                bigbss       000000
__Lbigdata                               bigdata      000000
__Lbigram                                bigram       000000
__Lbigsfr                                bigsfr       000000
__Lbss                                   bss          000000
__LbssBANK0                              bssBANK0     000000
__LbssCOMRAM                             bssCOMRAM    000000
__Lcinit                                 cinit        000000
__Lclrtext                               clrtext      000000
__Lcomram                                comram       000000
__Lconfig                                config       000000
__Lconst                                 const        000000
__LcstackBANK0                           cstackBANK0  000000
__LcstackBANK1                           cstackBANK1  000000
__LcstackCOMRAM                          cstackCOMRAM 000000
__Ldata                                  data         000000
__LdataBANK0                             dataBANK0    000000
__LdataBANK1                             dataBANK1    000000
__LdataCOMRAM                            dataCOMRAM   000000
__Leeprom_data                           eeprom_data  000000
__Lfarbss                                farbss       000000
__Lfardata                               fardata      000000
__Lheap                                  heap         000000
__Libigdata                              ibigdata     000000
__Lidata                                 idata        000000
__LidataBANK0                            idataBANK0   000000
__LidataBANK1                            idataBANK1   000000
__LidataCOMRAM                           idataCOMRAM  000000
__Lidloc                                 idloc        000000
__Lifardata                              ifardata     000000
__Linit                                  init         00000E
__Lintcode                               intcode      000008
__Lintcode_body                          intcode_body 000000
__Lintcodelo                             intcodelo    000018
__Lintentry                              intentry     000000
__Lintret                                intret       000000
__Lintsave_regs                          intsave_regs 000000
__Lirdata                                irdata       000000
__Lmediumconst                           mediumconst  000000
__LnvFARRAM                              nvFARRAM     000000
__Lnvbit                                 nvbit        000000
__Lnvrram                                nvrram       000000
__Lparam                                 rparam       000000
__Lpowerup                               powerup      000000
__Lram                                   ram          000000
__Lramtop                                ramtop       001000
__Lrbit                                  rbit         000000
__Lrbss                                  rbss         000000
__Lrdata                                 rdata        000000
__Lreset_vec                             reset_vec    000000
__Lrparam                                rparam       000000
__Lsfr                                   sfr          000000
__Lsivt_hi                               sivt_hi      000000
__Lsivt_lo                               sivt_lo      000018
__Lsmallconst                            smallconst   001000
__Lspace_0                               (abs)        000000
__Lspace_1                               (abs)        000000
__Lspace_2                               (abs)        000000
__Lspace_4                               (abs)        000000
__Lstack                                 stack        000000
__Lstruct                                struct       000000
__Ltemp                                  temp         00007F
__Ltext                                  text         000000
__Ltext0                                 text0        000000
__Ltext1                                 text1        000000
__Ltext10                                text10       000000
__Ltext11                                text11       000000
__Ltext12                                text12       000000
__Ltext13                                text13       000000
__Ltext14                                text14       000000
__Ltext15                                text15       000000
__Ltext16                                text16       000000
__Ltext17                                text17       000000
__Ltext18                                text18       000000
__Ltext19                                text19       000000
__Ltext2                                 text2        000000
__Ltext20                                text20       000000
__Ltext21                                text21       000000
__Ltext22                                text22       000000
__Ltext23                                text23       000000
__Ltext24                                text24       000000
__Ltext25                                text25       000000
__Ltext26                                text26       000000
__Ltext27                                text27       000000
__Ltext28                                text28       000000
__Ltext29                                text29       000000
__Ltext3                                 text3        000000
__Ltext31                                text31       000000
__Ltext32                                text32       000000
__Ltext33                                text33       000000
__Ltext34                                text34       000000
__Ltext35                                text35       000000
__Ltext36                                text36       000000
__Ltext37                                text37       000000
__Ltext38                                text38       000000
__Ltext39                                text39       000000
__Ltext4                                 text4        000000
__Ltext40                                text40       000000
__Ltext41                                text41       000000
__Ltext42                                text42       000000
__Ltext43                                text43       000000
__Ltext44                                text44       000000
__Ltext45                                text45       000000
__Ltext46                                text46       000000
__Ltext47                                text47       000000
__Ltext48                                text48       000000
__Ltext49                                text49       000000
__Ltext5                                 text5        000000
__Ltext50                                text50       000000
__Ltext51                                text51       000000
__Ltext52                                text52       000000
__Ltext53                                text53       000000
__Ltext54                                text54       000000
__Ltext55                                text55       000000
__Ltext56                                text56       000000
__Ltext57                                text57       000000
__Ltext58                                text58       000000
__Ltext6                                 text6        000000
__Ltext7                                 text7        000000
__Ltext8                                 text8        000000
__Ltext9                                 text9        000000
__S0                                     (abs)        003CF0
__S1                                     (abs)        00013E
__S4                                     (abs)        000000
__S5                                     (abs)        000000
___fladd                                 text24       001006
___fladd@a                               cstackBANK0  0000AB
___fladd@aexp                            cstackBANK0  0000B4
___fladd@b                               cstackBANK0  0000A7
___fladd@bexp                            cstackBANK0  0000B5
___fladd@grs                             cstackBANK0  0000B6
___fladd@signs                           cstackBANK0  0000B3
___fldiv                                 text23       001D9A
___fldiv@a                               cstackBANK0  000092
___fldiv@aexp                            cstackBANK0  0000A6
___fldiv@b                               cstackBANK0  00008E
___fldiv@bexp                            cstackBANK0  0000A5
___fldiv@grs                             cstackBANK0  0000A1
___fldiv@new_exp                         cstackBANK0  00009F
___fldiv@rem                             cstackBANK0  00009A
___fldiv@sign                            cstackBANK0  00009E
___flmul                                 text56       001974
___flmul@a                               cstackCOMRAM 000034
___flmul@aexp                            cstackCOMRAM 000041
___flmul@b                               cstackCOMRAM 000030
___flmul@bexp                            cstackCOMRAM 000042
___flmul@grs                             cstackCOMRAM 00003D
___flmul@prod                            cstackCOMRAM 000043
___flmul@sign                            cstackCOMRAM 00003C
___flmul@temp                            cstackCOMRAM 000047
___flsub                                 text54       0038D4
___flsub@a                               cstackCOMRAM 00002C
___flsub@b                               cstackCOMRAM 000028
___fltol                                 text20       003066
___fltol@exp1                            cstackBANK0  000089
___fltol@f1                              cstackBANK0  000080
___fltol@sign1                           cstackBANK0  000088
___heap_hi                               (abs)        000000
___heap_lo                               (abs)        000000
___inthi_sp                              stack        000000
___inthi_stack_hi                        stack        000000
___inthi_stack_lo                        stack        000000
___intlo_sp                              stack        000000
___intlo_stack_hi                        stack        000000
___intlo_stack_lo                        stack        000000
___param_bank                            (abs)        000000
___rparam_used                           (abs)        000001
___sp                                    stack        000000
___stack_hi                              stack        000000
___stack_lo                              stack        000000
___xxtofl                                text22       002A58
___xxtofl@arg                            cstackBANK0  00008A
___xxtofl@exp                            cstackBANK0  000089
___xxtofl@sign                           cstackBANK0  000088
___xxtofl@val                            cstackBANK0  000080
__accesstop                              (abs)        000080
__activetblptr                           (abs)        000003
__end_of_ADC_ISR                         text57       003CB4
__end_of_BR_Value_Calauclate             text21       002A58
__end_of_BaudRate_Speed                  text25       00383E
__end_of_BaudRate_Value                  text19       003432
__end_of_CCP1_ISR                        text48       003BF2
__end_of_EEPROM_ISR                      text47       003CA8
__end_of_EUSART_BaudRate_CFG             text18       003B26
__end_of_EUSART_RX_CFG                   text12       0036B2
__end_of_EUSART_TX_CFG                   text9        00363E
__end_of_ErrorsCallBack                  text8        0039E2
__end_of_GLOBAL_INTERUPT_DISABLE         text16       003CD4
__end_of_GLOBAL_INTERUPT_ENABLE          text15       003CCE
__end_of_IN0_ISR                         text46       003CF0
__end_of_InterruptManaerHigh             intcode_body 0027B8
__end_of_Module_INTERRUPT_ClEAR_FLAG     text58       0038D4
__end_of_Module_INTERRUPT_ENABLE         text14       00395E
__end_of_RB4_F_ISR                       text45       003CEC
__end_of_RB4_R_ISR                       text44       003CE8
__end_of_RB5_F_ISR                       text43       003CE4
__end_of_RB5_R_ISR                       text42       003CE0
__end_of_RB6_F_ISR                       text41       003CDC
__end_of_RB6_R_ISR                       text40       003CD8
__end_of_RX_Frame                        text17       003AC0
__end_of_RX_IN_init                      text13       003C36
__end_of_RX_ISR                          text38       003B58
__end_of_RX_VALUE_ASSIGN                 text39       00388C
__end_of_TIMER0_ISR                      text36       003C0A
__end_of_TIMER1_ISR                      text35       003BCE
__end_of_TIMER2_ISR                      text34       003C90
__end_of_TIMER3_ISR                      text33       003BAA
__end_of_TX_Frame                        text11       003A8A
__end_of_TX_IN_init                      text10       003C20
__end_of_TX_ISR                          text31       003B86
__end_of_TX_VALUE_ASSIGN                 text32       003AF4
__end_of___fladd                         text24       0014BE
__end_of___fldiv                         text23       00212C
__end_of___flmul                         text56       001D9A
__end_of___flsub                         text54       00391A
__end_of___fltol                         text20       00316E
__end_of___xxtofl                        text22       002C10
__end_of__initialization                 cinit        0035C0
__end_of_application_instiallize         text5        003C84
__end_of_comp_PWMgenrator                text49       002F34
__end_of_ecu_layer_initialize            text26       003C4C
__end_of_gpio_pin_Toggle_logic           text2        00378E
__end_of_gpio_pin_direction_intialize    text29       003066
__end_of_gpio_pin_write_logic            text28       003378
__end_of_hal_EUSART_INIT                 text7        003548
__end_of_hal_EUSART_NON_BLOCKING_READ    text4        0039A0
__end_of_hal_EUSART_NON_BLOCKING_WRITE   text3        003A54
__end_of_hal_ccp1_Comparter_WriteValue   text53       003CC8
__end_of_hal_timer0_write_value          text37       003C9C
__end_of_led_initialize                  text27       0034C0
__end_of_led_turn_toggle                 text1        003720
__end_of_main                            text0        0037EA
__end_of_mcal_layer_initialize           text6        003C74
__end_ofi2___fladd                       text55       001974
__end_ofi2___fldiv                       text52       0024BC
__end_ofi2___fltol                       text51       003274
__end_ofi2___xxtofl                      text50       002DC4
__initialization                         cinit        003548
__mediumconst                            smallconst   001000
__pbssBANK0                              bssBANK0     0000C5
__pbssCOMRAM                             bssCOMRAM    00005B
__pcinit                                 cinit        003548
__pcstackBANK0                           cstackBANK0  000080
__pcstackBANK1                           cstackBANK1  00013A
__pcstackCOMRAM                          cstackCOMRAM 000001
__pdataBANK0                             dataBANK0    0000EB
__pdataBANK1                             dataBANK1    000100
__pdataCOMRAM                            dataCOMRAM   000075
__pidataBANK0                            idataBANK0   003C4C
__pidataBANK1                            idataBANK1   0039E2
__pidataCOMRAM                           idataCOMRAM  003CB4
__pintcode                               intcode      000008
__pintcode_body                          intcode_body 0024BC
__psmallconst                            smallconst   001000
__ptext0                                 text0        00378E
__ptext1                                 text1        0036B2
__ptext10                                text10       003C0A
__ptext11                                text11       003A54
__ptext12                                text12       00363E
__ptext13                                text13       003C20
__ptext14                                text14       00391A
__ptext15                                text15       003CC8
__ptext16                                text16       003CCE
__ptext17                                text17       003A8A
__ptext18                                text18       003AF4
__ptext19                                text19       003378
__ptext2                                 text2        003720
__ptext20                                text20       003066
__ptext21                                text21       0027B8
__ptext22                                text22       002A58
__ptext23                                text23       001D9A
__ptext24                                text24       001006
__ptext25                                text25       0037EA
__ptext26                                text26       003C36
__ptext27                                text27       003432
__ptext28                                text28       003274
__ptext29                                text29       002F34
__ptext3                                 text3        003A1C
__ptext31                                text31       003B58
__ptext32                                text32       003AC0
__ptext33                                text33       003B86
__ptext34                                text34       003C84
__ptext35                                text35       003BAA
__ptext36                                text36       003BF2
__ptext37                                text37       003C90
__ptext38                                text38       003B26
__ptext39                                text39       00383E
__ptext4                                 text4        00395E
__ptext40                                text40       003CD4
__ptext41                                text41       003CD8
__ptext42                                text42       003CDC
__ptext43                                text43       003CE0
__ptext44                                text44       003CE4
__ptext45                                text45       003CE8
__ptext46                                text46       003CEC
__ptext47                                text47       003C9C
__ptext48                                text48       003BCE
__ptext49                                text49       002DC4
__ptext5                                 text5        003C74
__ptext50                                text50       002C10
__ptext51                                text51       00316E
__ptext52                                text52       00212C
__ptext53                                text53       003CBE
__ptext54                                text54       0038D4
__ptext55                                text55       0014BE
__ptext56                                text56       001974
__ptext57                                text57       003CA8
__ptext58                                text58       00388C
__ptext6                                 text6        003C62
__ptext7                                 text7        0034C0
__ptext8                                 text8        0039A0
__ptext9                                 text9        0035CA
__ramtop                                 ramtop       001000
__smallconst                             smallconst   001000
_application_instiallize                 text5        003C74
_cnt                                     dataCOMRAM   000079
_comp_PWMgenrator                        text49       002DC4
_dutycycle                               bssCOMRAM    000071
_ecu_layer_initialize                    text26       003C36
_errno                                   bssBANK0     0000C5
_gpio_pin_Toggle_logic                   text2        003720
_gpio_pin_direction_intialize            text29       002F34
_gpio_pin_write_logic                    text28       003274
_hal_EUSART_INIT                         text7        0034C0
_hal_EUSART_NON_BLOCKING_READ            text4        00395E
_hal_EUSART_NON_BLOCKING_WRITE           text3        003A1C
_hal_ccp1_Comparter_WriteValue           text53       003CBE
_hal_timer0_write_value                  text37       003C90
_keypad_values                           dataBANK1    000100
_lat_register                            dataBANK1    00011A
_led                                     dataBANK0    0000FF
_led_initialize                          text27       003432
_led_turn_toggle                         text1        0036B2
_main                                    text0        00378E
_mcal_layer_initialize                   text6        003C62
_port_register                           dataBANK1    000110
_ret                                     dataCOMRAM   00007D
_seg_off_logic                           bssCOMRAM    000072
_seg_on_logic                            dataCOMRAM   00007E
_timer0_interupt_handler                 bssBANK0     0000D5
_tr                                      dataBANK1    00012A
_tris_register                           dataBANK0    0000EB
_value                                   bssCOMRAM    000073
btemp                                    temp         00007F
comp_PWMgenrator@stage                   bssCOMRAM    000070
ecu_layer_initialize@ret                 cstackBANK0  00008E
end_of_initialization                    cinit        0035C0
gpio_pin_Toggle_logic@_pin_config        cstackBANK0  000080
gpio_pin_direction_intialize@_pin_config cstackBANK0  000080
gpio_pin_direction_intialize@ret         cstackBANK0  000086
gpio_pin_write_logic@_pin_config         cstackBANK0  000080
gpio_pin_write_logic@logic_status        cstackBANK0  000081
gpio_pin_write_logic@ret                 cstackBANK0  000088
hal_EUSART_INIT@eusart                   cstackBANK1  00013C
hal_EUSART_NON_BLOCKING_READ@eusart      cstackBANK0  000080
hal_EUSART_NON_BLOCKING_READ@value       cstackBANK0  000082
hal_EUSART_NON_BLOCKING_WRITE@eusart     cstackBANK0  000080
hal_EUSART_NON_BLOCKING_WRITE@value      cstackBANK0  000082
hal_ccp1_Comparter_WriteValue@value      cstackCOMRAM 000053
hal_timer0_write_value@Value             cstackCOMRAM 000001
i2___fladd                               text55       0014BE
i2___fladd@a                             cstackCOMRAM 000005
i2___fladd@aexp                          cstackCOMRAM 00000E
i2___fladd@b                             cstackCOMRAM 000001
i2___fladd@bexp                          cstackCOMRAM 00000F
i2___fladd@grs                           cstackCOMRAM 000010
i2___fladd@signs                         cstackCOMRAM 00000D
i2___fldiv                               text52       00212C
i2___fldiv@a                             cstackCOMRAM 000013
i2___fldiv@aexp                          cstackCOMRAM 000027
i2___fldiv@b                             cstackCOMRAM 00000F
i2___fldiv@bexp                          cstackCOMRAM 000026
i2___fldiv@grs                           cstackCOMRAM 000022
i2___fldiv@new_exp                       cstackCOMRAM 000020
i2___fldiv@rem                           cstackCOMRAM 00001B
i2___fldiv@sign                          cstackCOMRAM 00001F
i2___fltol                               text51       00316E
i2___fltol@exp1                          cstackCOMRAM 000052
i2___fltol@f1                            cstackCOMRAM 000049
i2___fltol@sign1                         cstackCOMRAM 000051
i2___xxtofl                              text50       002C10
i2___xxtofl@arg                          cstackCOMRAM 00000B
i2___xxtofl@exp                          cstackCOMRAM 00000A
i2___xxtofl@sign                         cstackCOMRAM 000009
i2___xxtofl@val                          cstackCOMRAM 000001
int$flags                                temp         00007F
int_func                                 intcode_body 0024BC
intlevel0                                text         000000
intlevel1                                text         000000
intlevel2                                text         000000
intlevel3                                text         000000
isa$std                                  (abs)        000001
isa$xinst                                (abs)        000000
led_initialize@F3079                     bssBANK0     0000EA
led_initialize@led                       cstackBANK0  00008D
led_initialize@led_config                cstackBANK0  000089
led_initialize@logic_state               cstackBANK0  00008B
led_initialize@ret                       cstackBANK0  00008C
led_turn_off@F3090                       bssCOMRAM    00006E
led_turn_on@F3085                        bssCOMRAM    00006F
led_turn_toggle@F3095                    bssBANK0     0000E9
led_turn_toggle@led                      cstackBANK0  000088
led_turn_toggle@led_config               cstackBANK0  000086
relay_intialize@F3077                    bssCOMRAM    00006D
relay_turn_off@F3087                     bssCOMRAM    00006B
relay_turn_on@F3082                      bssCOMRAM    00006C
stackhi                                  (abs)        000000
stacklo                                  (abs)        000000
start                                    init         00000E
start_initialization                     cinit        003548
ttemp5                                   temp         000080
ttemp6                                   temp         000083
ttemp7                                   temp         000087
wtemp8                                   temp         000080


MODULE INFORMATION

Module		Function		Class		Link	Load	Size
D:\C extend\programe Setup\Microchip\xc8\v3.00\pic\sources\c99\common\fltol.c
		___fltol       		CODE           	3066	0000	264

D:\C extend\programe Setup\Microchip\xc8\v3.00\pic\sources\c99\common\fltol.c estimated size: 264

D:\C extend\programe Setup\Microchip\xc8\v3.00\pic\sources\c99\common\xxtofl.c
		___xxtofl      		CODE           	2A58	0000	440

D:\C extend\programe Setup\Microchip\xc8\v3.00\pic\sources\c99\common\xxtofl.c estimated size: 440

MCAL_Layer/INTERRUPT/mcal_interrupt_manager.c
		_InterruptManaerHigh		CODE           	0008	0000	770

MCAL_Layer/INTERRUPT/mcal_interrupt_manager.c estimated size: 770

D:\C extend\programe Setup\Microchip\xc8\v3.00\pic\sources\c99\common\sprcmul.c
		___flmul       		CODE           	1974	0000	1062

D:\C extend\programe Setup\Microchip\xc8\v3.00\pic\sources\c99\common\sprcmul.c estimated size: 1062

D:\C extend\programe Setup\Microchip\xc8\v3.00\pic\sources\c99\common\sprcdiv.c
		___fldiv       		CODE           	1D9A	0000	914

D:\C extend\programe Setup\Microchip\xc8\v3.00\pic\sources\c99\common\sprcdiv.c estimated size: 914

MCAL_Layer/EUSART/eusart.c
		_BaudRate_Speed		CODE           	37EA	0000	84
		_BaudRate_Value		CODE           	3378	0000	186
		_ErrorsCallBack		CODE           	39A0	0000	66
		_hal_EUSART_NON_BLOCKING_READ		CODE           	395E	0000	66
		_EUSART_RX_CFG 		CODE           	363E	0000	116
		_EUSART_TX_CFG 		CODE           	35CA	0000	116
		_hal_EUSART_NON_BLOCKING_WRITE		CODE           	3A1C	0000	56
		_BR_Value_Calauclate		CODE           	27B8	0000	672
		_EUSART_BaudRate_CFG		CODE           	3AF4	0000	50
		_RX_VALUE_ASSIGN		CODE           	383E	0000	78
		_TX_VALUE_ASSIGN		CODE           	3AC0	0000	52
		_RX_ISR        		CODE           	3B26	0000	50
		_TX_ISR        		CODE           	3B58	0000	46
		_hal_EUSART_INIT		CODE           	34C0	0000	136
		_RX_Frame      		CODE           	3A8A	0000	54
		_TX_Frame      		CODE           	3A54	0000	54

MCAL_Layer/EUSART/eusart.c estimated size: 1882

MCAL_Layer/TIMER3/hal_timer3.c
		_TIMER3_ISR    		CODE           	3B86	0000	36

MCAL_Layer/TIMER3/hal_timer3.c estimated size: 36

MCAL_Layer/mcal_layer_init.c
		_mcal_layer_initialize		CODE           	3C62	0000	18

MCAL_Layer/mcal_layer_init.c estimated size: 18

MCAL_Layer/TIMER2/hal_timer2.c
		_TIMER2_ISR    		CODE           	3C84	0000	12

MCAL_Layer/TIMER2/hal_timer2.c estimated size: 12

MCAL_Layer/TIMER1/hal_timer1.c
		_TIMER1_ISR    		CODE           	3BAA	0000	36

MCAL_Layer/TIMER1/hal_timer1.c estimated size: 36

MCAL_Layer/TIMER0/hal_timer0.c
		_hal_timer0_write_value		CODE           	3C90	0000	12
		_TIMER0_ISR    		CODE           	3BF2	0000	24

MCAL_Layer/TIMER0/hal_timer0.c estimated size: 36

MCAL_Layer/INTERRUPT/mcal_external_interrupt.c
		_IN0_ISR       		CODE           	3CEC	0000	4
		_RB4_F_ISR     		CODE           	3CE8	0000	4
		_RB5_F_ISR     		CODE           	3CE0	0000	4
		_RB4_R_ISR     		CODE           	3CE4	0000	4
		_RB6_F_ISR     		CODE           	3CD8	0000	4
		_RB5_R_ISR     		CODE           	3CDC	0000	4
		_RB6_R_ISR     		CODE           	3CD4	0000	4

MCAL_Layer/INTERRUPT/mcal_external_interrupt.c estimated size: 28

shared
		i2___fladd     		CODE           	14BE	0000	1206
		i2___fldiv     		CODE           	212C	0000	912
		i2___fltol     		CODE           	316E	0000	262
		__initialization		CODE           	3548	0000	120
		i2___xxtofl    		CODE           	2C10	0000	436

shared estimated size: 2936

ECU_Layer/led/led.c
		_led_turn_toggle		CODE           	36B2	0000	110
		_led_initialize		CODE           	3432	0000	142

ECU_Layer/led/led.c estimated size: 252

MCAL_Layer/INTERRUPT/mcal_interrupt_config.c
		_GLOBAL_INTERUPT_DISABLE		CODE           	3CCE	0000	6
		_GLOBAL_INTERUPT_ENABLE		CODE           	3CC8	0000	6

MCAL_Layer/INTERRUPT/mcal_interrupt_config.c estimated size: 12

MCAL_Layer/ADC/hal_adc.c
		_ADC_ISR       		CODE           	3CA8	0000	12

MCAL_Layer/ADC/hal_adc.c estimated size: 12

app.c
		_main          		CODE           	378E	0000	92
		_application_instiallize		CODE           	3C74	0000	16

app.c estimated size: 108

MCAL_Layer/GPIO/hal_gpio.c
		_gpio_pin_write_logic		CODE           	3274	0000	260
		_gpio_pin_direction_intialize		CODE           	2F34	0000	306
		_gpio_pin_Toggle_logic		CODE           	3720	0000	110

MCAL_Layer/GPIO/hal_gpio.c estimated size: 676

D:\C extend\programe Setup\Microchip\xc8\v3.00\pic\sources\c99\common\sprcadd.c
		___flsub       		CODE           	38D4	0000	70
		___fladd       		CODE           	1006	0000	1208

D:\C extend\programe Setup\Microchip\xc8\v3.00\pic\sources\c99\common\sprcadd.c estimated size: 1278

ECU_Layer/ecu_layer_init.c
		_ecu_layer_initialize		CODE           	3C36	0000	22

ECU_Layer/ecu_layer_init.c estimated size: 22

MCAL_Layer/CCP1/hal_ccp1.c
		_hal_ccp1_Comparter_WriteValue		CODE           	3CBE	0000	10
		_CCP1_ISR      		CODE           	3BCE	0000	36
		_comp_PWMgenrator		CODE           	2DC4	0000	368

MCAL_Layer/CCP1/hal_ccp1.c estimated size: 414

MCAL_Layer/INTERRUPT/mcal_internal_interrupt.c
		_Module_INTERRUPT_ClEAR_FLAG		CODE           	388C	0000	72
		_EEPROM_ISR    		CODE           	3C9C	0000	12
		_RX_IN_init    		CODE           	3C20	0000	22
		_TX_IN_init    		CODE           	3C0A	0000	22
		_Module_INTERRUPT_ENABLE		CODE           	391A	0000	68

MCAL_Layer/INTERRUPT/mcal_internal_interrupt.c estimated size: 196

