Microchip MPLAB XC8 Compiler V3.00

Linker command line:

-W-3 \
  --edf=D:\C extend\programe Setup\Microchip\xc8\v3.00\pic\dat\20241204225717_en.msgs \
  -cn -h+dist/default/production\sw.production.sym \
  --cmf=dist/default/production\sw.production.cmf -z -Q18F4620 \
  -oC:\Users\pc\AppData\Local\Temp\xcAsn24.\driver_tmp_3.o \
  --defsym=__MPLAB_BUILD=1 --fixupoverflow=error \
  -Mdist/default/production/sw.production.map \
  --md=C:\Users\pc\AppData\Local\Temp\xcAsn24.\driver_tmp_0.dat -E1 \
  -ver=XC8 Compiler -ACODE=00h-0FFFFh -ACONST=00h-0FFFFh \
  -ASMALLCONST=01000h-010FFhx240 -AMEDIUMCONST=01000h-0FFFFh \
  -ACOMRAM=01h-07Fh -AABS1=00h-0F7Fh -ABIGRAM=01h-0F7Fh \
  -ARAM=080h-0FFh,0100h-01FFhx14,0F00h-0F7Fh -ABANK0=080h-0FFh \
  -ABANK1=0100h-01FFh -ABANK2=0200h-02FFh -ABANK3=0300h-03FFh \
  -ABANK4=0400h-04FFh -ABANK5=0500h-05FFh -ABANK6=0600h-06FFh \
  -ABANK7=0700h-07FFh -ABANK8=0800h-08FFh -ABANK9=0900h-09FFh \
  -ABANK10=0A00h-0AFFh -ABANK11=0B00h-0BFFh -ABANK12=0C00h-0CFFh \
  -ABANK13=0D00h-0DFFh -ABANK14=0E00h-0EFFh -ABANK15=0F00h-0F7Fh \
  -ASFR=0F80h-0FFFh -ABIGSFR=0F80h-0FFFh -ACONFIG=0300000h-030000Dh \
  -AIDLOC=0200000h-0200007h -AEEDATA=0F00000h-0F003FFh -peeprom_data=EEDATA \
  -preset_vec=00h,intcode=8h,intcodelo=18h,sivt_lo,sivt_hi=CODE \
  -ppowerup=CODE,init -pramtop=01000h -psmallconst=SMALLCONST \
  -pmediumconst=MEDIUMCONST -pconst=CONST -AFARRAM=00h-00h \
  -prdata=COMRAM,nvrram=COMRAM,nvbit=COMRAM,rbss=COMRAM,rbit=COMRAM \
  -pfarbss=FARRAM,fardata=FARRAM,nvFARRAM=FARRAM \
  -pintsave_regs=BIGRAM,bigbss=BIGRAM,bigdata=BIGRAM -pbss=RAM \
  -pidata=CODE,irdata=CODE,ibigdata=CODE,ifardata=CODE -prparam=COMRAM \
  C:\Users\pc\AppData\Local\Temp\xcAsn24.\driver_tmp_9.o \
  dist/default/production\sw.production.o 

Object code version is 3.11

Machine type is 18F4620



                Name                               Link     Load   Length Selector   Space Scale
C:\Users\pc\AppData\Local\Temp\xcAsn24.\driver_tmp_9.o
                idloc                            200000   200000        8        0       5
                config                           300000   300000        E        0       4
                init                                  E        E        4        4       0
                reset_vec                             0        0        4        0       0
dist/default/production\sw.production.o
                intcode                               8        8        6        4       0
                idloc                            200000   200000        8        0       5
                config                           300000   300000        E        0       4
                temp                                 72       72        1        1       1
                smallconst                         1000     1000        6      800       0
                text33                             17F8     17F8       42      803       0
                text32                             19EC     19EC        C      C73       0
                text31                             19E0     19E0        C      C73       0
                text30                             1A26     1A26        4      C73       0
                text29                             1A22     1A22        4      C73       0
                text28                             1A1E     1A1E        4      C73       0
                text27                             1A1A     1A1A        4      C73       0
                text26                             1A16     1A16        4      C73       0
                text25                             1A12     1A12        4      C73       0
                text24                             1A0E     1A0E        4      C73       0
                text23                             1A2A     1A2A        2      C73       0
                text22                             19F8     19F8        A      C73       0
                text21                             18E6     18E6       30      C73       0
                intcode_body                       1006     1006      23C      803       0
                text19                             1242     1242      12C      803       0
                text18                             146C     146C       EE      803       0
                text17                             155A     155A       8C      803       0
                text16                             19A2     19A2       16      C73       0
                text15                             1A08     1A08        6      C73       0
                text14                             1A02     1A02        6      C73       0
                text13                             17B4     17B4       44      803       0
                text12                             183A     183A       3E      803       0
                text11                             196A     196A       1E      C73       0
                text10                             19D4     19D4        C      C73       0
                text9                              175E     175E       56      803       0
                text8                              1942     1942       28      C73       0
                text7                              1708     1708       56      803       0
                text6                              136E     136E       FE      803       0
                text5                              16B2     16B2       56      803       0
                text4                              15E6     15E6       76      803       0
                text3                              19C8     19C8        C      C73       0
                text2                              19B8     19B8       10      C73       0
                text1                              1916     1916       2C      C73       0
                text0                              1878     1878       3C      803       0
                cstackCOMRAM                         5C       5C       16        1       1
                cstackBANK0                          9A       9A        7       80       1
                dataBANK0                            80       80       1A       80       1
                dataCOMRAM                            1        1       31        1       1
                bssCOMRAM                            32       32       2A        1       1
                cinit                              165C     165C       56      803       0
                idataBANK0                         1988     1988       1A      C73       0
                idataCOMRAM                        18B4     18B4       31      803       0

TOTAL           Name                               Link     Load   Length     Space
        CLASS   CODE           
                intcode                               8        8        6         0
                init                                  E        E        4         0
                reset_vec                             0        0        4         0
                text33                             17F8     17F8       42         0
                text32                             19EC     19EC        C         0
                text31                             19E0     19E0        C         0
                text30                             1A26     1A26        4         0
                text29                             1A22     1A22        4         0
                text28                             1A1E     1A1E        4         0
                text27                             1A1A     1A1A        4         0
                text26                             1A16     1A16        4         0
                text25                             1A12     1A12        4         0
                text24                             1A0E     1A0E        4         0
                text23                             1A2A     1A2A        2         0
                text22                             19F8     19F8        A         0
                text21                             18E6     18E6       30         0
                intcode_body                       1006     1006      23C         0
                text19                             1242     1242      12C         0
                text18                             146C     146C       EE         0
                text17                             155A     155A       8C         0
                text16                             19A2     19A2       16         0
                text15                             1A08     1A08        6         0
                text14                             1A02     1A02        6         0
                text13                             17B4     17B4       44         0
                text12                             183A     183A       3E         0
                text11                             196A     196A       1E         0
                text10                             19D4     19D4        C         0
                text9                              175E     175E       56         0
                text8                              1942     1942       28         0
                text7                              1708     1708       56         0
                text6                              136E     136E       FE         0
                text5                              16B2     16B2       56         0
                text4                              15E6     15E6       76         0
                text3                              19C8     19C8        C         0
                text2                              19B8     19B8       10         0
                text1                              1916     1916       2C         0
                text0                              1878     1878       3C         0
                cinit                              165C     165C       56         0
                idataBANK0                         1988     1988       1A         0
                idataCOMRAM                        18B4     18B4       31         0

        CLASS   CONST          

        CLASS   SMALLCONST     
                smallconst                         1000     1000        6         0

        CLASS   MEDIUMCONST    

        CLASS   COMRAM         
                temp                                 72       72        1         1
                cstackCOMRAM                         5C       5C       16         1
                dataCOMRAM                            1        1       31         1
                bssCOMRAM                            32       32       2A         1

        CLASS   ABS1           

        CLASS   BIGRAM         

        CLASS   RAM            

        CLASS   BANK0          
                cstackBANK0                          9A       9A        7         1
                dataBANK0                            80       80       1A         1

        CLASS   BANK1          

        CLASS   BANK2          

        CLASS   BANK3          

        CLASS   BANK4          

        CLASS   BANK5          

        CLASS   BANK6          

        CLASS   BANK7          

        CLASS   BANK8          

        CLASS   BANK9          

        CLASS   BANK10         

        CLASS   BANK11         

        CLASS   BANK12         

        CLASS   BANK13         

        CLASS   BANK14         

        CLASS   BANK15         

        CLASS   SFR            

        CLASS   BIGSFR         

        CLASS   CONFIG         
                config                           300000   300000        E         4

        CLASS   IDLOC          
                idloc                            200000   200000        8         5

        CLASS   EEDATA         

        CLASS   FARRAM         

        CLASS   HEAP           

        CLASS   STACK          



SEGMENTS        Name                           Load    Length   Top    Selector   Space  Class

                reset_vec                      000000  000004  000004         0       0  CODE    
                dataCOMRAM                     000001  000072  000073         1       1  COMRAM  
                intcode                        000008  00000A  000012         4       0  CODE    
                dataBANK0                      000080  000021  0000A1        80       1  BANK0   
                smallconst                     001000  000006  001006       800       0  SMALLCON
                intcode_body                   001006  0008DF  0018E5       803       0  CODE    
                text21                         0018E6  000146  001A2C       C73       0  CODE    


UNUSED ADDRESS RANGES

        Name                Unused          Largest block    Delta
        BANK0            0000A1-0000FF               5F
        BANK1            000100-0001FF              100
        BANK10           000A00-000AFF              100
        BANK11           000B00-000BFF              100
        BANK12           000C00-000CFF              100
        BANK13           000D00-000DFF              100
        BANK14           000E00-000EFF              100
        BANK15           000F00-000F7F               80
        BANK2            000200-0002FF              100
        BANK3            000300-0003FF              100
        BANK4            000400-0004FF              100
        BANK5            000500-0005FF              100
        BANK6            000600-0006FF              100
        BANK7            000700-0007FF              100
        BANK8            000800-0008FF              100
        BANK9            000900-0009FF              100
        BIGRAM           000073-00007F                D
                         0000A1-000F7F              EDF
        BIGSFR           000F80-000FFF               80
        CODE             000004-000007                4
                         000012-000FFF              FEE
                         0018E5-0018E5                1
                         001A2C-00FFFF             E5D4
        COMRAM           000073-00007F                D
        CONST            000004-000007                4
                         000012-000FFF              FEE
                         0018E5-0018E5                1
                         001A2C-00FFFF             E5D4
        EEDATA           F00000-F003FF              400
        MEDIUMCONST      0018E5-0018E5                1
                         001A2C-00FFFF             E5D4
        RAM              0000A1-000F7F              100
        SFR              000F80-000FFF               80
        SMALLCONST       0018E5-0018E5                1
                         001A2C-00FFFF              100

                                  Symbol Table

Module_INTERRUPT_ClEAR_FLAG@Reg          cstackCOMRAM 00006F
Module_INTERRUPT_ClEAR_FLAG@bit_pos      cstackCOMRAM 000069
Module_INTERRUPT_ENABLE@Reg              cstackCOMRAM 00006E
Module_INTERRUPT_ENABLE@bit_pos          cstackCOMRAM 000069
_ADCON0bits                              (abs)        000FC2
_ADCON1bits                              (abs)        000FC1
_ADCON2bits                              (abs)        000FC0
_ADC_ISR                                 text32       0019EC
_ADC_InterruptHandler                    bssCOMRAM    00004E
_ADRESH                                  (abs)        000FC4
_ADRESL                                  (abs)        000FC3
_EEADR                                   (abs)        000FA9
_EEADRH                                  (abs)        000FAA
_EECON1bits                              (abs)        000FA6
_EECON2                                  (abs)        000FA7
_EEDATA                                  (abs)        000FA8
_EEPROM_ISR                              text31       0019E0
_EEPROM_InterruptHandler                 bssCOMRAM    00003E
_E_Reg                                   dataCOMRAM   00001B
_F_Reg                                   dataCOMRAM   000015
_GLOBAL_INTERUPT_DISABLE                 text15       001A08
_GLOBAL_INTERUPT_ENABLE                  text14       001A02
_IN0_ISR                                 text30       001A26
_IN0_InterruotHandler                    bssCOMRAM    00004C
_INTCON                                  (abs)        000FF2
_INTCON2bits                             (abs)        000FF1
_INTCONbits                              (abs)        000FF2
_IPR1                                    (abs)        000F9F
_IPR2                                    (abs)        000FA2
_InterruptManaerHigh                     intcode      000008
_LATA                                    (abs)        000F89
_LATB                                    (abs)        000F8A
_LATC                                    (abs)        000F8B
_LATD                                    (abs)        000F8C
_LATE                                    (abs)        000F8D
_Module_INTERRUPT_ClEAR_FLAG             text13       0017B4
_Module_INTERRUPT_ENABLE                 text12       00183A
_PIE1                                    (abs)        000F9D
_PIE1bits                                (abs)        000F9D
_PIE2                                    (abs)        000FA0
_PIE2bits                                (abs)        000FA0
_PIR1                                    (abs)        000F9E
_PIR1bits                                (abs)        000F9E
_PIR2                                    (abs)        000FA1
_PIR2bits                                (abs)        000FA1
_PORTA                                   (abs)        000F80
_PORTB                                   (abs)        000F81
_PORTBbits                               (abs)        000F81
_PORTC                                   (abs)        000F82
_PORTD                                   (abs)        000F83
_PORTE                                   (abs)        000F84
_P_Reg                                   dataCOMRAM   000025
_PreLoaded_Value                         bssCOMRAM    000038
_RB4_F_ISR                               text29       001A22
_RB4_InterruotHandlerFalling             bssCOMRAM    000048
_RB4_InterruotHandlerRissing             bssCOMRAM    00004A
_RB4_R_ISR                               text28       001A1E
_RB5_F_ISR                               text27       001A1A
_RB5_InterruotHandlerFalling             bssCOMRAM    000044
_RB5_InterruotHandlerRissing             bssCOMRAM    000046
_RB5_R_ISR                               text26       001A16
_RB6_F_ISR                               text25       001A12
_RB6_InterruotHandlerFalling             bssCOMRAM    000040
_RB6_InterruotHandlerRissing             bssCOMRAM    000042
_RB6_R_ISR                               text24       001A0E
_RBflags                                 dataCOMRAM   000021
_T0CONbits                               (abs)        000FD5
_TIMER0_IN_INT                           text11       00196A
_TIMER0_ISR                              text21       0018E6
_TMR0H                                   (abs)        000FD7
_TMR0L                                   (abs)        000FD6
_TRISA                                   (abs)        000F92
_TRISB                                   (abs)        000F93
_TRISC                                   (abs)        000F94
_TRISD                                   (abs)        000F95
_TRISE                                   (abs)        000F96
_Value                                   bssCOMRAM    00003C
__HRAM                                   (abs)        000000
__H__absolute__                          __absolute__ 000000
__Habs1                                  abs1         000000
__Hbank0                                 bank0        000000
__Hbank1                                 bank1        000000
__Hbank10                                bank10       000000
__Hbank11                                bank11       000000
__Hbank12                                bank12       000000
__Hbank13                                bank13       000000
__Hbank14                                bank14       000000
__Hbank15                                bank15       000000
__Hbank2                                 bank2        000000
__Hbank3                                 bank3        000000
__Hbank4                                 bank4        000000
__Hbank5                                 bank5        000000
__Hbank6                                 bank6        000000
__Hbank7                                 bank7        000000
__Hbank8                                 bank8        000000
__Hbank9                                 bank9        000000
__Hbigbss                                bigbss       000000
__Hbigdata                               bigdata      000000
__Hbigram                                bigram       000000
__Hbigsfr                                bigsfr       000000
__Hbss                                   bss          000000
__HbssCOMRAM                             bssCOMRAM    000000
__Hcinit                                 cinit        000000
__Hclrtext                               clrtext      000000
__Hcomram                                comram       000000
__Hconfig                                config       30000E
__Hconst                                 const        000000
__HcstackBANK0                           cstackBANK0  000000
__HcstackCOMRAM                          cstackCOMRAM 000000
__Hdata                                  data         000000
__HdataBANK0                             dataBANK0    000000
__HdataCOMRAM                            dataCOMRAM   000000
__Heeprom_data                           eeprom_data  000000
__Hfarbss                                farbss       000000
__Hfardata                               fardata      000000
__Hheap                                  heap         000000
__Hibigdata                              ibigdata     000000
__Hidata                                 idata        000000
__HidataBANK0                            idataBANK0   000000
__HidataCOMRAM                           idataCOMRAM  000000
__Hidloc                                 idloc        200008
__Hifardata                              ifardata     000000
__Hinit                                  init         000012
__Hintcode                               intcode      00000E
__Hintcode_body                          intcode_body 000000
__Hintcodelo                             intcodelo    000018
__Hintentry                              intentry     000000
__Hintret                                intret       000000
__Hintsave_regs                          intsave_regs 000000
__Hirdata                                irdata       000000
__Hmediumconst                           mediumconst  000000
__HnvFARRAM                              nvFARRAM     000000
__Hnvbit                                 nvbit        000000
__Hnvrram                                nvrram       000000
__Hparam                                 rparam       000000
__Hpowerup                               powerup      000000
__Hram                                   ram          000000
__Hramtop                                ramtop       001000
__Hrbit                                  rbit         000000
__Hrbss                                  rbss         000000
__Hrdata                                 rdata        000000
__Hreset_vec                             reset_vec    000004
__Hrparam                                rparam       000000
__Hsfr                                   sfr          000000
__Hsivt_hi                               sivt_hi      000000
__Hsivt_lo                               sivt_lo      000018
__Hsmallconst                            smallconst   001006
__Hspace_0                               (abs)        001A2C
__Hspace_1                               (abs)        0000A1
__Hspace_2                               (abs)        000000
__Hspace_4                               (abs)        60000E
__Hstack                                 stack        000000
__Hstruct                                struct       000000
__Htemp                                  temp         000073
__Htext                                  text         000000
__Htext0                                 text0        000000
__Htext1                                 text1        000000
__Htext10                                text10       000000
__Htext11                                text11       000000
__Htext12                                text12       000000
__Htext13                                text13       000000
__Htext14                                text14       000000
__Htext15                                text15       000000
__Htext16                                text16       000000
__Htext17                                text17       000000
__Htext18                                text18       000000
__Htext19                                text19       000000
__Htext2                                 text2        000000
__Htext21                                text21       000000
__Htext22                                text22       000000
__Htext23                                text23       000000
__Htext24                                text24       000000
__Htext25                                text25       000000
__Htext26                                text26       000000
__Htext27                                text27       000000
__Htext28                                text28       000000
__Htext29                                text29       000000
__Htext3                                 text3        000000
__Htext30                                text30       000000
__Htext31                                text31       000000
__Htext32                                text32       000000
__Htext33                                text33       000000
__Htext4                                 text4        000000
__Htext5                                 text5        000000
__Htext6                                 text6        000000
__Htext7                                 text7        000000
__Htext8                                 text8        000000
__Htext9                                 text9        000000
__LRAM                                   (abs)        000001
__L__absolute__                          __absolute__ 000000
__Labs1                                  abs1         000000
__Lbank0                                 bank0        000000
__Lbank1                                 bank1        000000
__Lbank10                                bank10       000000
__Lbank11                                bank11       000000
__Lbank12                                bank12       000000
__Lbank13                                bank13       000000
__Lbank14                                bank14       000000
__Lbank15                                bank15       000000
__Lbank2                                 bank2        000000
__Lbank3                                 bank3        000000
__Lbank4                                 bank4        000000
__Lbank5                                 bank5        000000
__Lbank6                                 bank6        000000
__Lbank7                                 bank7        000000
__Lbank8                                 bank8        000000
__Lbank9                                 bank9        000000
__Lbigbss                                bigbss       000000
__Lbigdata                               bigdata      000000
__Lbigram                                bigram       000000
__Lbigsfr                                bigsfr       000000
__Lbss                                   bss          000000
__LbssCOMRAM                             bssCOMRAM    000000
__Lcinit                                 cinit        000000
__Lclrtext                               clrtext      000000
__Lcomram                                comram       000000
__Lconfig                                config       000000
__Lconst                                 const        000000
__LcstackBANK0                           cstackBANK0  000000
__LcstackCOMRAM                          cstackCOMRAM 000000
__Ldata                                  data         000000
__LdataBANK0                             dataBANK0    000000
__LdataCOMRAM                            dataCOMRAM   000000
__Leeprom_data                           eeprom_data  000000
__Lfarbss                                farbss       000000
__Lfardata                               fardata      000000
__Lheap                                  heap         000000
__Libigdata                              ibigdata     000000
__Lidata                                 idata        000000
__LidataBANK0                            idataBANK0   000000
__LidataCOMRAM                           idataCOMRAM  000000
__Lidloc                                 idloc        000000
__Lifardata                              ifardata     000000
__Linit                                  init         00000E
__Lintcode                               intcode      000008
__Lintcode_body                          intcode_body 000000
__Lintcodelo                             intcodelo    000018
__Lintentry                              intentry     000000
__Lintret                                intret       000000
__Lintsave_regs                          intsave_regs 000000
__Lirdata                                irdata       000000
__Lmediumconst                           mediumconst  000000
__LnvFARRAM                              nvFARRAM     000000
__Lnvbit                                 nvbit        000000
__Lnvrram                                nvrram       000000
__Lparam                                 rparam       000000
__Lpowerup                               powerup      000000
__Lram                                   ram          000000
__Lramtop                                ramtop       001000
__Lrbit                                  rbit         000000
__Lrbss                                  rbss         000000
__Lrdata                                 rdata        000000
__Lreset_vec                             reset_vec    000000
__Lrparam                                rparam       000000
__Lsfr                                   sfr          000000
__Lsivt_hi                               sivt_hi      000000
__Lsivt_lo                               sivt_lo      000018
__Lsmallconst                            smallconst   001000
__Lspace_0                               (abs)        000000
__Lspace_1                               (abs)        000000
__Lspace_2                               (abs)        000000
__Lspace_4                               (abs)        000000
__Lstack                                 stack        000000
__Lstruct                                struct       000000
__Ltemp                                  temp         000072
__Ltext                                  text         000000
__Ltext0                                 text0        000000
__Ltext1                                 text1        000000
__Ltext10                                text10       000000
__Ltext11                                text11       000000
__Ltext12                                text12       000000
__Ltext13                                text13       000000
__Ltext14                                text14       000000
__Ltext15                                text15       000000
__Ltext16                                text16       000000
__Ltext17                                text17       000000
__Ltext18                                text18       000000
__Ltext19                                text19       000000
__Ltext2                                 text2        000000
__Ltext21                                text21       000000
__Ltext22                                text22       000000
__Ltext23                                text23       000000
__Ltext24                                text24       000000
__Ltext25                                text25       000000
__Ltext26                                text26       000000
__Ltext27                                text27       000000
__Ltext28                                text28       000000
__Ltext29                                text29       000000
__Ltext3                                 text3        000000
__Ltext30                                text30       000000
__Ltext31                                text31       000000
__Ltext32                                text32       000000
__Ltext33                                text33       000000
__Ltext4                                 text4        000000
__Ltext5                                 text5        000000
__Ltext6                                 text6        000000
__Ltext7                                 text7        000000
__Ltext8                                 text8        000000
__Ltext9                                 text9        000000
__S0                                     (abs)        001A2C
__S1                                     (abs)        0000A1
__S4                                     (abs)        000000
__S5                                     (abs)        000000
___heap_hi                               (abs)        000000
___heap_lo                               (abs)        000000
___inthi_sp                              stack        000000
___inthi_stack_hi                        stack        000000
___inthi_stack_lo                        stack        000000
___intlo_sp                              stack        000000
___intlo_stack_hi                        stack        000000
___intlo_stack_lo                        stack        000000
___param_bank                            (abs)        000000
___rparam_used                           (abs)        000001
___sp                                    stack        000000
___stack_hi                              stack        000000
___stack_lo                              stack        000000
__accesstop                              (abs)        000080
__activetblptr                           (abs)        000003
__end_of_ADC_ISR                         text32       0019F8
__end_of_EEPROM_ISR                      text31       0019EC
__end_of_GLOBAL_INTERUPT_DISABLE         text15       001A0E
__end_of_GLOBAL_INTERUPT_ENABLE          text14       001A08
__end_of_IN0_ISR                         text30       001A2A
__end_of_InterruptManaerHigh             intcode_body 001242
__end_of_Module_INTERRUPT_ClEAR_FLAG     text13       0017F8
__end_of_Module_INTERRUPT_ENABLE         text12       001878
__end_of_RB4_F_ISR                       text29       001A26
__end_of_RB4_R_ISR                       text28       001A22
__end_of_RB5_F_ISR                       text27       001A1E
__end_of_RB5_R_ISR                       text26       001A1A
__end_of_RB6_F_ISR                       text25       001A16
__end_of_RB6_R_ISR                       text24       001A12
__end_of_TIMER0_IN_INT                   text11       001988
__end_of_TIMER0_ISR                      text21       001916
__end_of__initialization                 cinit        0016A8
__end_of_application_instiallize         text2        0019C8
__end_of_ecu_layer_initialize            text16       0019B8
__end_of_gpio_pin_direction_intialize    text19       00136E
__end_of_gpio_pin_write_logic            text18       00155A
__end_of_hal_timer0_init                 text4        00165C
__end_of_hal_timer0_read_value           text1        001942
__end_of_hal_timer0_write_value          text10       0019E0
__end_of_led_initialize                  text17       0015E6
__end_of_main                            text0        0018B4
__end_of_mcal_layer_initialize           text3        0019D4
__end_of_my_tt                           text23       001A2C
__end_of_timer0_edge_trigger             text9        0017B4
__end_of_timer0_interupt_handler_set     text8        00196A
__end_of_timer0_operation_mode           text7        00175E
__end_of_timer0_prescaler                text6        00146C
__end_of_timer0_register_size            text5        001708
__end_ofi2_Module_INTERRUPT_ClEAR_FLAG   text33       00183A
__end_ofi2_hal_timer0_write_value        text22       001A02
__initialization                         cinit        00165C
__mediumconst                            smallconst   001000
__pbssCOMRAM                             bssCOMRAM    000032
__pcinit                                 cinit        00165C
__pcstackBANK0                           cstackBANK0  00009A
__pcstackCOMRAM                          cstackCOMRAM 00005C
__pdataBANK0                             dataBANK0    000080
__pdataCOMRAM                            dataCOMRAM   000001
__pidataBANK0                            idataBANK0   001988
__pidataCOMRAM                           idataCOMRAM  0018B4
__pintcode                               intcode      000008
__pintcode_body                          intcode_body 001006
__psmallconst                            smallconst   001000
__ptext0                                 text0        001878
__ptext1                                 text1        001916
__ptext10                                text10       0019D4
__ptext11                                text11       00196A
__ptext12                                text12       00183A
__ptext13                                text13       0017B4
__ptext14                                text14       001A02
__ptext15                                text15       001A08
__ptext16                                text16       0019A2
__ptext17                                text17       00155A
__ptext18                                text18       00146C
__ptext19                                text19       001242
__ptext2                                 text2        0019B8
__ptext21                                text21       0018E6
__ptext22                                text22       0019F8
__ptext23                                text23       001A2A
__ptext24                                text24       001A0E
__ptext25                                text25       001A12
__ptext26                                text26       001A16
__ptext27                                text27       001A1A
__ptext28                                text28       001A1E
__ptext29                                text29       001A22
__ptext3                                 text3        0019C8
__ptext30                                text30       001A26
__ptext31                                text31       0019E0
__ptext32                                text32       0019EC
__ptext33                                text33       0017F8
__ptext4                                 text4        0015E6
__ptext5                                 text5        0016B2
__ptext6                                 text6        00136E
__ptext7                                 text7        001708
__ptext8                                 text8        001942
__ptext9                                 text9        00175E
__ramtop                                 ramtop       001000
__smallconst                             smallconst   001000
_adc_value                               bssCOMRAM    00005A
_application_instiallize                 text2        0019B8
_cnt                                     bssCOMRAM    00005A
_ecu_layer_initialize                    text16       0019A2
_errno                                   bssCOMRAM    000036
_gpio_pin_direction_intialize            text19       001242
_gpio_pin_write_logic                    text18       00146C
_hal_timer0_init                         text4        0015E6
_hal_timer0_read_value                   text1        001916
_hal_timer0_write_value                  text10       0019D4
_keypad_values                           dataBANK0    000080
_lat_register                            dataCOMRAM   000001
_led1                                    dataCOMRAM   000031
_led_initialize                          text17       00155A
_main                                    text0        001878
_mcal_layer_initialize                   text3        0019C8
_my_t                                    dataCOMRAM   00002B
_my_tt                                   text23       001A2A
_pa                                      bssCOMRAM    00005A
_pb                                      bssCOMRAM    00005A
_port_register                           dataBANK0    000090
_ret                                     dataCOMRAM   000029
_seg_off_logic                           bssCOMRAM    000059
_seg_on_logic                            dataCOMRAM   00002A
_timer0_edge_trigger                     text9        00175E
_timer0_interupt_handler                 bssCOMRAM    00003A
_timer0_interupt_handler_set             text8        001942
_timer0_operation_mode                   text7        001708
_timer0_prescaler                        text6        00136E
_timer0_register_size                    text5        0016B2
_tris_register                           dataCOMRAM   00000B
_voltage                                 bssCOMRAM    000032
_voltage_a                               bssCOMRAM    000051
_voltage_b                               bssCOMRAM    000050
btemp                                    temp         000072
ecu_layer_initialize@ret                 cstackBANK0  00009E
end_of_initialization                    cinit        0016A8
gpio_pin_direction_intialize@_pin_config cstackCOMRAM 000069
gpio_pin_direction_intialize@ret         cstackCOMRAM 00006F
gpio_pin_write_logic@_pin_config         cstackCOMRAM 000069
gpio_pin_write_logic@logic_status        cstackCOMRAM 00006A
gpio_pin_write_logic@ret                 cstackCOMRAM 000070
hal_timer0_init@ret                      cstackCOMRAM 000071
hal_timer0_init@timer0                   cstackCOMRAM 000070
hal_timer0_read_value@Value              cstackCOMRAM 000069
hal_timer0_write_value@Value             cstackCOMRAM 000069
i2Module_INTERRUPT_ClEAR_FLAG@Reg        cstackCOMRAM 000062
i2Module_INTERRUPT_ClEAR_FLAG@bit_pos    cstackCOMRAM 00005C
i2_Module_INTERRUPT_ClEAR_FLAG           text33       0017F8
i2_hal_timer0_write_value                text22       0019F8
i2hal_timer0_write_value@Value           cstackCOMRAM 00005C
int$flags                                temp         000072
int_func                                 intcode_body 001006
intlevel0                                text         000000
intlevel1                                text         000000
intlevel2                                text         000000
intlevel3                                text         000000
isa$std                                  (abs)        000001
isa$xinst                                (abs)        000000
led_initialize@F3079                     bssCOMRAM    000058
led_initialize@led                       cstackBANK0  00009D
led_initialize@led_config                cstackCOMRAM 000071
led_initialize@logic_state               cstackBANK0  00009B
led_initialize@ret                       cstackBANK0  00009C
led_turn_off@F3090                       bssCOMRAM    000056
led_turn_on@F3085                        bssCOMRAM    000057
led_turn_toggle@F3095                    bssCOMRAM    000055
relay_intialize@F3077                    bssCOMRAM    000054
relay_turn_off@F3087                     bssCOMRAM    000052
relay_turn_on@F3082                      bssCOMRAM    000053
stackhi                                  (abs)        000000
stacklo                                  (abs)        000000
start                                    init         00000E
start_initialization                     cinit        00165C
timer0_edge_trigger@timer0               cstackCOMRAM 000069
timer0_interupt_handler_set@timer0       cstackCOMRAM 000069
timer0_operation_mode@timer0             cstackCOMRAM 000069
timer0_prescaler@timer0                  cstackCOMRAM 000069
timer0_register_size@timer0              cstackCOMRAM 000069
ttemp5                                   temp         000073
ttemp6                                   temp         000076
ttemp7                                   temp         00007A
wtemp8                                   temp         000073


MODULE INFORMATION

Module		Function		Class		Link	Load	Size
MCAL_Layer/INTERRUPT/mcal_interrupt_manager.c
		_InterruptManaerHigh		CODE           	0008	0000	578

MCAL_Layer/INTERRUPT/mcal_interrupt_manager.c estimated size: 578

MCAL_Layer/mcal_layer_init.c
		_mcal_layer_initialize		CODE           	19C8	0000	12

MCAL_Layer/mcal_layer_init.c estimated size: 12

MCAL_Layer/TIMER0/hal_timer0.c
		_hal_timer0_write_value		CODE           	19D4	0000	12
		_timer0_prescaler		CODE           	136E	0000	254
		_hal_timer0_read_value		CODE           	1916	0000	44
		_timer0_operation_mode		CODE           	1708	0000	86
		_timer0_edge_trigger		CODE           	175E	0000	86
		_hal_timer0_init		CODE           	15E6	0000	118
		_TIMER0_ISR    		CODE           	18E6	0000	48
		_timer0_interupt_handler_set		CODE           	1942	0000	40
		_timer0_register_size		CODE           	16B2	0000	86

MCAL_Layer/TIMER0/hal_timer0.c estimated size: 774

MCAL_Layer/INTERRUPT/mcal_external_interrupt.c
		_IN0_ISR       		CODE           	1A26	0000	4
		_RB4_F_ISR     		CODE           	1A22	0000	4
		_RB5_F_ISR     		CODE           	1A1A	0000	4
		_RB4_R_ISR     		CODE           	1A1E	0000	4
		_RB6_F_ISR     		CODE           	1A12	0000	4
		_RB5_R_ISR     		CODE           	1A16	0000	4
		_RB6_R_ISR     		CODE           	1A0E	0000	4

MCAL_Layer/INTERRUPT/mcal_external_interrupt.c estimated size: 28

shared
		__initialization		CODE           	165C	0000	76
		i2_hal_timer0_write_value		CODE           	19F8	0000	10
		i2_Module_INTERRUPT_ClEAR_FLAG		CODE           	17F8	0000	66

shared estimated size: 152

MCAL_Layer/INTERRUPT/mcal_interrupt_config.c
		_GLOBAL_INTERUPT_DISABLE		CODE           	1A08	0000	6
		_GLOBAL_INTERUPT_ENABLE		CODE           	1A02	0000	6

MCAL_Layer/INTERRUPT/mcal_interrupt_config.c estimated size: 12

ECU_Layer/led/led.c
		_led_initialize		CODE           	155A	0000	140

ECU_Layer/led/led.c estimated size: 140

MCAL_Layer/ADC/hal_adc.c
		_ADC_ISR       		CODE           	19EC	0000	12

MCAL_Layer/ADC/hal_adc.c estimated size: 12

app.c
		_main          		CODE           	1878	0000	60
		_application_instiallize		CODE           	19B8	0000	16
		_my_tt         		CODE           	1A2A	0000	2

app.c estimated size: 78

MCAL_Layer/GPIO/hal_gpio.c
		_gpio_pin_write_logic		CODE           	146C	0000	238
		_gpio_pin_direction_intialize		CODE           	1242	0000	300

MCAL_Layer/GPIO/hal_gpio.c estimated size: 538

ECU_Layer/ecu_layer_init.c
		_ecu_layer_initialize		CODE           	19A2	0000	22

ECU_Layer/ecu_layer_init.c estimated size: 22

MCAL_Layer/INTERRUPT/mcal_internal_interrupt.c
		_Module_INTERRUPT_ClEAR_FLAG		CODE           	17B4	0000	68
		_EEPROM_ISR    		CODE           	19E0	0000	12
		_Module_INTERRUPT_ENABLE		CODE           	183A	0000	62
		_TIMER0_IN_INT 		CODE           	196A	0000	30

MCAL_Layer/INTERRUPT/mcal_internal_interrupt.c estimated size: 172

